$ /Users/propertyloop03/qualityproof/.venv/bin/python -m qualityproof.cli init --project /Users/propertyloop03/qualityproof/.qualityproof/demo-workflow
Created /Users/propertyloop03/qualityproof/.qualityproof/demo-workflow/qualityproof.toml
Initialized /Users/propertyloop03/qualityproof/.qualityproof/demo-workflow/.qualityproof/qualityproof.db
Exported 29 versioned schemas

$ /Users/propertyloop03/qualityproof/.venv/bin/python -m qualityproof.cli discover http://127.0.0.1:8765/products --project /Users/propertyloop03/qualityproof/.qualityproof/demo-workflow --login-url http://127.0.0.1:8765/login --username-selector #email --password-selector #password --submit-selector button[type=submit] --login-submit-method POST --login-submit-path /login --role shopper:QUALITYPROOF_SHOPPER_USERNAME:QUALITYPROOF_SHOPPER_PASSWORD --save-storage-state /Users/propertyloop03/qualityproof/.qualityproof/demo-workflow/.qualityproof/auth/role.json --role admin:QUALITYPROOF_ADMIN_USERNAME:QUALITYPROOF_ADMIN_PASSWORD --allowed-domain 127.0.0.1 --max-pages 30 --max-depth 4 --max-actions 60 --max-runtime 30
Discovered 20 pages and 18 actions; 3 blocked/unknown (shopper:frontier_exhausted; admin:frontier_exhausted).

$ /Users/propertyloop03/qualityproof/.venv/bin/python -m qualityproof.cli plan --project /Users/propertyloop03/qualityproof/.qualityproof/demo-workflow --scenario-role shopper --requirements /Users/propertyloop03/qualityproof/examples/demo-requirements.yaml
Wrote 8 generated drafts.

$ /Users/propertyloop03/qualityproof/.venv/bin/python -m qualityproof.cli review --project /Users/propertyloop03/qualityproof/.qualityproof/demo-workflow --decision approve --actor demo-reviewer --reason Controlled local benchmark fixture
Approved journey-4a3ee525d17f.
Approved journey-5f86e6974307.
Approved journey-6d6fd9913353.
Approved journey-6d958dfdad45.
Approved journey-9349a7aa4c0b.
Approved journey-9d7af313a4db.
Approved journey-c44b76cbcb5f.
Approved journey-eb9067625f72.

$ /Users/propertyloop03/qualityproof/.venv/bin/python -m qualityproof.cli generate --project /Users/propertyloop03/qualityproof/.qualityproof/demo-workflow
Generated and validated 8 tests.

$ /Users/propertyloop03/qualityproof/.venv/bin/python -m qualityproof.cli test --project /Users/propertyloop03/qualityproof/.qualityproof/demo-workflow
Run run-3b61afbe7ad844edb5afdcd4f9191f11 passed; result: .qualityproof/runs/run-3b61afbe7ad844edb5afdcd4f9191f11/result.json; evidence: 0.

$ /Users/propertyloop03/qualityproof/.venv/bin/python -m qualityproof.cli requirements import /Users/propertyloop03/qualityproof/.qualityproof/demo-workflow/demo/seeded-defects.json --project /Users/propertyloop03/qualityproof/.qualityproof/demo-workflow --scope demo-seed-manifest
Registered 9 requirements in scope 'demo-seed-manifest': SEED-A11Y-001, SEED-AUTHZ-001, SEED-JOURNEY-001, SEED-LAYOUT-001, SEED-LINK-001 ...

$ /Users/propertyloop03/qualityproof/.venv/bin/python -m qualityproof.cli audit /Users/propertyloop03/qualityproof/tests/test_demo_app.py --project /Users/propertyloop03/qualityproof/.qualityproof/demo-workflow
Audited 10 tests: 9 verified, 0 partial, 1 unknown.

$ /Users/propertyloop03/qualityproof/.venv/bin/python -m qualityproof.cli audit /Users/propertyloop03/qualityproof/.qualityproof/demo-workflow/.qualityproof/generated --project /Users/propertyloop03/qualityproof/.qualityproof/demo-workflow
Audited 8 tests: 0 verified, 8 partial, 0 unknown.

$ /Users/propertyloop03/qualityproof/.venv/bin/python -m qualityproof.cli coverage --project /Users/propertyloop03/qualityproof/.qualityproof/demo-workflow --fail-on-orphans
Requirements: 12; verified 9; partial 3; uncovered 0; orphan links 0; untraced tests 1.
Reports: coverage.json, coverage.md

$ /Users/propertyloop03/qualityproof/.venv/bin/python -m qualityproof.cli report --project /Users/propertyloop03/qualityproof/.qualityproof/demo-workflow
Wrote /Users/propertyloop03/qualityproof/.qualityproof/demo-workflow/.qualityproof/reports/ledger.json
Wrote /Users/propertyloop03/qualityproof/.qualityproof/demo-workflow/.qualityproof/reports/ledger.html

$ /Users/propertyloop03/qualityproof/.venv/bin/python -m qualityproof.cli snapshot create demo-v1 --project /Users/propertyloop03/qualityproof/.qualityproof/demo-workflow --application /Users/propertyloop03/qualityproof/.qualityproof/demo-workflow/application.json
Wrote immutable snapshot /Users/propertyloop03/qualityproof/.qualityproof/demo-workflow/.qualityproof/snapshots/demo-v1.json

$ /Users/propertyloop03/qualityproof/.venv/bin/python -m qualityproof.cli discover http://127.0.0.1:8765/products --project /Users/propertyloop03/qualityproof/.qualityproof/demo-workflow --login-url http://127.0.0.1:8765/login --username-selector #email --password-selector #password --submit-selector button[type=submit] --login-submit-method POST --login-submit-path /login --role shopper:QUALITYPROOF_SHOPPER_USERNAME:QUALITYPROOF_SHOPPER_PASSWORD --save-storage-state /Users/propertyloop03/qualityproof/.qualityproof/demo-workflow/.qualityproof/auth/role.json --role admin:QUALITYPROOF_ADMIN_USERNAME:QUALITYPROOF_ADMIN_PASSWORD --allowed-domain 127.0.0.1 --max-pages 30 --max-depth 4 --max-actions 60 --max-runtime 30
Discovered 18 pages and 16 actions; 2 blocked/unknown (shopper:frontier_exhausted; admin:frontier_exhausted).

$ /Users/propertyloop03/qualityproof/.venv/bin/python -m qualityproof.cli test --project /Users/propertyloop03/qualityproof/.qualityproof/demo-workflow
Run run-978667e71ba744efaf5876491ec91b68 failed; result: .qualityproof/runs/run-978667e71ba744efaf5876491ec91b68/result.json; evidence: 0.

$ /Users/propertyloop03/qualityproof/.venv/bin/python -m qualityproof.cli snapshot create demo-v2 --project /Users/propertyloop03/qualityproof/.qualityproof/demo-workflow --application /Users/propertyloop03/qualityproof/.qualityproof/demo-workflow/application.json
Wrote immutable snapshot /Users/propertyloop03/qualityproof/.qualityproof/demo-workflow/.qualityproof/snapshots/demo-v2.json

$ /Users/propertyloop03/qualityproof/.venv/bin/python -m qualityproof.cli diff demo-v1 demo-v2 --project /Users/propertyloop03/qualityproof/.qualityproof/demo-workflow --format markdown
Wrote /Users/propertyloop03/qualityproof/.qualityproof/demo-workflow/.qualityproof/reports/diff-demo-v1-demo-v2.md
